type octile
height 33
width 46
map
..............................................
.hh.hh.bbbbbbbbbb.bbbbbbbbbb.bbbbbbbbbb.hh.hh.
.hh.hh.@@@@@@@@@@.@@@@@@@@@@.@@@@@@@@@@.hh.hh.
.hh.hh.bbbbbbbbbb.bbbbbbbbbb.bbbbbbbbbb.hh.hh.
..............................................
.hh.hh.bbbbbbbbbb.bbbbbbbbbb.bbbbbbbbbb.hh.hh.
.hh.hh.@@@@@@@@@@.@@@@@@@@@@.@@@@@@@@@@.hh.hh.
.hh.hh.bbbbbbbbbb.bbbbbbbbbb.bbbbbbbbbb.hh.hh.
..............................................
.hh.hh.bbbbbbbbbb.bbbbbbbbbb.bbbbbbbbbb.hh.hh.
.hh.hh.@@@@@@@@@@.@@@@@@@@@@.@@@@@@@@@@.hh.hh.
.hh.hh.bbbbbbbbbb.bbbbbbbbbb.bbbbbbbbbb.hh.hh.
..............................................
.hh.hh.bbbbbbbbbb.bbbbbbbbbb.bbbbbbbbbb.hh.hh.
.hh.hh.@@@@@@@@@@.@@@@@@@@@@.@@@@@@@@@@.hh.hh.
.hh.hh.bbbbbbbbbb.bbbbbbbbbb.bbbbbbbbbb.hh.hh.
..............................................
.hh.hh.bbbbbbbbbb.bbbbbbbbbb.bbbbbbbbbb.hh.hh.
.hh.hh.@@@@@@@@@@.@@@@@@@@@@.@@@@@@@@@@.hh.hh.
.hh.hh.bbbbbbbbbb.bbbbbbbbbb.bbbbbbbbbb.hh.hh.
..............................................
.hh.hh.bbbbbbbbbb.bbbbbbbbbb.bbbbbbbbbb.hh.hh.
.hh.hh.@@@@@@@@@@.@@@@@@@@@@.@@@@@@@@@@.hh.hh.
.hh.hh.bbbbbbbbbb.bbbbbbbbbb.bbbbbbbbbb.hh.hh.
..............................................
.hh.hh.bbbbbbbbbb.bbbbbbbbbb.bbbbbbbbbb.hh.hh.
.hh.hh.@@@@@@@@@@.@@@@@@@@@@.@@@@@@@@@@.hh.hh.
.hh.hh.bbbbbbbbbb.bbbbbbbbbb.bbbbbbbbbb.hh.hh.
..............................................
.hh.hh.bbbbbbbbbb.bbbbbbbbbb.bbbbbbbbbb.hh.hh.
.hh.hh.@@@@@@@@@@.@@@@@@@@@@.@@@@@@@@@@.hh.hh.
.hh.hh.bbbbbbbbbb.bbbbbbbbbb.bbbbbbbbbb.hh.hh.
..............................................
